10:51:23 **** Incremental Build of configuration Debug for project proximitySensor ****
make -j16 all 
arm-none-eabi-gcc "../Core/Src/main.c" -mcpu=cortex-m4 -std=gnu11 -g3 -DDEBUG -DUSE_HAL_DRIVER -DSTM32WB55xx -c -I../Core/Inc -I../Drivers/STM32WBxx_HAL_Driver/Inc -I../Drivers/STM32WBxx_HAL_Driver/Inc/Legacy -I../Drivers/CMSIS/Device/ST/STM32WBxx/Include -I../Drivers/CMSIS/Include -I../TOUCHSENSING/App -I../Middlewares/ST/STM32_TouchSensing_Library/inc -O0 -ffunction-sections -fdata-sections -Wall -fstack-usage -fcyclomatic-complexity -MMD -MP -MF"Core/Src/main.d" -MT"Core/Src/main.o" --specs=nano.specs -mfpu=fpv4-sp-d16 -mfloat-abi=hard -mthumb -o "Core/Src/main.o"
arm-none-eabi-gcc -o "proximitySensor.elf" @"objects.list"   -mcpu=cortex-m4 -T"C:\Users\Parry\Documents\GitHub\proximitySensor\STM32WB55RGVX_FLASH.ld" --specs=nosys.specs -Wl,-Map="proximitySensor.map" -Wl,--gc-sections -static --specs=nano.specs -mfpu=fpv4-sp-d16 -mfloat-abi=hard -mthumb -Wl,--start-group -lc -lm -Wl,--end-group
Finished building target: proximitySensor.elf
 
arm-none-eabi-size  proximitySensor.elf 
arm-none-eabi-objdump -h -S proximitySensor.elf  > "proximitySensor.list"
   text	   data	    bss	    dec	    hex	filename
  17684	     44	   1756	  19484	   4c1c	proximitySensor.elf
Finished building: default.size.stdout
 
Finished building: proximitySensor.list
 

10:51:24 Build Finished. 0 errors, 0 warnings. (took 1s.190ms)

